

Sun Mar 24 19:02:12 2024
Command line: TestDisk

TestDisk 7.1, Data Recovery Utility, July 2019
Christophe GRENIER <grenier@cgsecurity.org>
https://www.cgsecurity.org
OS: Linux, kernel 5.14.0-1058-oem (#66-Ubuntu SMP Fri Feb 10 09:46:18 UTC 2023) x86_64
Compiler: GCC 11.2
ext2fs lib: 1.46.5, ntfs lib: libntfs-3g, reiserfs lib: none, ewf lib: none, curses lib: ncurses 6.3
User is not root!
Hard disk list


TestDisk exited normally.
Using locale 'LC_CTYPE=en_US.UTF-8;LC_NUMERIC=de_DE.UTF-8;LC_TIME=de_DE.UTF-8;LC_COLLATE=en_US.UTF-8;LC_MONETARY=de_DE.UTF-8;LC_MESSAGES=en_US.UTF-8;LC_PAPER=de_DE.UTF-8;LC_NAME=de_DE.UTF-8;LC_ADDRESS=de_DE.UTF-8;LC_TELEPHONE=de_DE.UTF-8;LC_MEASUREMENT=de_DE.UTF-8;LC_IDENTIFICATION=de_DE.UTF-8'.


Sun Mar 24 19:02:12 2024
Command line: TestDisk /debug

TestDisk 7.1, Data Recovery Utility, July 2019
Christophe GRENIER <grenier@cgsecurity.org>
https://www.cgsecurity.org
OS: Linux, kernel 5.14.0-1058-oem (#66-Ubuntu SMP Fri Feb 10 09:46:18 UTC 2023) x86_64
Compiler: GCC 11.2
ext2fs lib: 1.46.5, ntfs lib: libntfs-3g, reiserfs lib: none, ewf lib: none, curses lib: ncurses 6.3
Warning: can't get size for Disk /dev/mapper/control - 0 B - 0 sectors, sector size=512
Warning: can't get size for Disk /dev/loop23 - 0 B - 0 sectors (RO), sector size=512
Warning: can't get size for Disk /dev/loop38 - 0 B - 0 sectors, sector size=512
Hard disk list
Disk /dev/sda - 4110 MB / 3920 MiB - CHS 1019 127 62 (RO), sector size=512 - Generic Flash Disk, FW:8.07
Disk /dev/mapper/admin - 1022 GB / 952 GiB - 1997228720 sectors, sector size=512
Disk /dev/mapper/ubu-home - 343 GB / 320 GiB - 671825920 sectors, sector size=512
Disk /dev/mapper/ubu-root - 644 GB / 600 GiB - 1258291200 sectors, sector size=512
Disk /dev/mapper/ubu-swap - 34 GB / 32 GiB - 67108864 sectors, sector size=512
Disk /dev/dm-0 - 1022 GB / 952 GiB - 1997228720 sectors, sector size=512
Disk /dev/dm-1 - 34 GB / 32 GiB - 67108864 sectors, sector size=512
Disk /dev/dm-2 - 644 GB / 600 GiB - 1258291200 sectors, sector size=512
Disk /dev/dm-3 - 343 GB / 320 GiB - 671825920 sectors, sector size=512
Disk /dev/loop0 - 4096 B - 8 sectors (RO), sector size=512
Disk /dev/loop1 - 528 MB / 504 MiB - 1032504 sectors (RO), sector size=512
Disk /dev/loop10 - 279 MB / 266 MiB - 546064 sectors (RO), sector size=512
Disk /dev/loop11 - 172 MB / 164 MiB - 337560 sectors (RO), sector size=512
Disk /dev/loop12 - 172 MB / 164 MiB - 337560 sectors (RO), sector size=512
Disk /dev/loop13 - 228 MB / 218 MiB - 447264 sectors (RO), sector size=512
Disk /dev/loop14 - 228 MB / 218 MiB - 447264 sectors (RO), sector size=512
Disk /dev/loop15 - 366 MB / 349 MiB - 716168 sectors (RO), sector size=512
Disk /dev/loop16 - 366 MB / 349 MiB - 716176 sectors (RO), sector size=512
Disk /dev/loop17 - 182 MB / 173 MiB - 355744 sectors (RO), sector size=512
Disk /dev/loop18 - 521 MB / 496 MiB - 1017816 sectors (RO), sector size=512
Disk /dev/loop19 - 68 MB / 65 MiB - 133552 sectors (RO), sector size=512
Disk /dev/loop2 - 323 MB / 308 MiB - 631888 sectors (RO), sector size=512
Disk /dev/loop20 - 96 MB / 91 MiB - 187776 sectors (RO), sector size=512
Disk /dev/loop21 - 7254 KB / 7084 KiB - 14168 sectors (RO), sector size=512
Disk /dev/loop22 - 8556 KB / 8356 KiB - 16712 sectors (RO), sector size=512
Disk /dev/loop24 - 180 MB / 172 MiB - 353360 sectors (RO), sector size=512
Disk /dev/loop25 - 107 MB / 102 MiB - 209032 sectors (RO), sector size=512
Disk /dev/loop26 - 107 MB / 102 MiB - 209192 sectors (RO), sector size=512
Disk /dev/loop27 - 122 MB / 116 MiB - 239520 sectors (RO), sector size=512
Disk /dev/loop28 - 122 MB / 116 MiB - 239552 sectors (RO), sector size=512
Disk /dev/loop29 - 48 MB / 45 MiB - 94064 sectors (RO), sector size=512
Disk /dev/loop3 - 58 MB / 55 MiB - 113992 sectors (RO), sector size=512
Disk /dev/loop30 - 12 MB / 12 MiB - 25240 sectors (RO), sector size=512
Disk /dev/loop31 - 323 MB / 308 MiB - 631904 sectors (RO), sector size=512
Disk /dev/loop32 - 42 MB / 40 MiB - 82800 sectors (RO), sector size=512
Disk /dev/loop33 - 438 KB / 428 KiB - 856 sectors (RO), sector size=512
Disk /dev/loop34 - 462 KB / 452 KiB - 904 sectors (RO), sector size=512
Disk /dev/loop35 - 184 MB / 175 MiB - 359776 sectors (RO), sector size=512
Disk /dev/loop36 - 186 MB / 177 MiB - 363600 sectors (RO), sector size=512
Disk /dev/loop37 - 40 MB / 39 MiB - 80072 sectors (RO), sector size=512
Disk /dev/loop4 - 58 MB / 55 MiB - 113992 sectors (RO), sector size=512
Disk /dev/loop5 - 67 MB / 63 MiB - 130888 sectors (RO), sector size=512
Disk /dev/loop6 - 67 MB / 63 MiB - 130880 sectors (RO), sector size=512
Disk /dev/loop7 - 77 MB / 74 MiB - 151784 sectors (RO), sector size=512
Disk /dev/loop8 - 77 MB / 74 MiB - 151992 sectors (RO), sector size=512
Disk /dev/loop9 - 274 MB / 262 MiB - 536760 sectors (RO), sector size=512
Disk /dev/nvme0n1 - 1024 GB / 953 GiB - CHS 976762 64 32, sector size=512

Partition table type (auto): Intel
Media is opened in read-only.
Disk /dev/sda - 4110 MB / 3920 MiB (RO) - Generic Flash Disk
Partition table type: Intel

Analyse Disk /dev/sda - 4110 MB / 3920 MiB - CHS 1019 127 62 (RO)
Geometry from i386 MBR: head=72 sector=7
BAD_RS LBA=656 646
FAT32 at 0/10/37
Info: size boot_sector 8027504, partition 8027504
FAT1 : 736-8559
FAT2 : 8560-16383
start_rootdir : 16384 root cluster : 2
Data : 16384-8027503
sectors : 8027504
cluster_size : 8
no_of_cluster : 1001390 (2 - 1001391)
fat_length 7824 calculated 7824
heads/cylinder 255 (FAT) != 127 (HD)
sect/track 63 (FAT) != 62 (HD)
Current partition structure:
Warning: number of heads/cylinder mismatches 255 (FAT) != 127 (HD)
Warning: number of sectors per track mismatches 63 (FAT) != 62 (HD)
 1 * FAT32                    0  10 37  1019  73 28    8027504 [UUI]

Bad relative sector.

search_part()
Disk /dev/sda - 4110 MB / 3920 MiB - CHS 1019 127 62 (RO)
FAT32 at 0/10/37
FAT1 : 736-8559
FAT2 : 8560-16383
start_rootdir : 16384 root cluster : 2
Data : 16384-8027503
sectors : 8027504
cluster_size : 8
no_of_cluster : 1001390 (2 - 1001391)
fat_length 7824 calculated 7824
heads/cylinder 255 (FAT) != 127 (HD)
sect/track 63 (FAT) != 62 (HD)

FAT32 at 0/10/37
FAT: cluster=2(0x2), pos=17040
     FAT32                    0  10 37  1019  73 28    8027504 [EFI System Partition] [UUI]
     FAT32, blocksize=4096, 4110 MB / 3919 MiB
Warning: the current number of heads per cylinder is 127 but the correct value may be 255.

Results
   L FAT32                    0  10 37  1019  73 28    8027504 [EFI System Partition] [UUI]
     FAT32, blocksize=4096, 4110 MB / 3919 MiB

Hint for advanced users: dmsetup may be used if you prefer to avoid rewriting the partition table for the moment:
echo "0 8027504 linear /dev/sda 656" | dmsetup create test0
add_ext_part_i386: max
add_ext_part_i386: min

interface_write()
 1 E extended                 0   1  1  1019  73 28    8028098
 5 L FAT32                    0  10 37  1019  73 28    8027504 [EFI System Partition] [UUI]

search_part()
Disk /dev/sda - 4110 MB / 3920 MiB - CHS 1019 127 62 (RO)
FAT32 at 0/10/37
FAT1 : 736-8559
FAT2 : 8560-16383
start_rootdir : 16384 root cluster : 2
Data : 16384-8027503
sectors : 8027504
cluster_size : 8
no_of_cluster : 1001390 (2 - 1001391)
fat_length 7824 calculated 7824
heads/cylinder 255 (FAT) != 127 (HD)
sect/track 63 (FAT) != 62 (HD)

FAT32 at 0/10/37
FAT: cluster=2(0x2), pos=17040
     FAT32                    0  10 37  1019  73 28    8027504 [EFI System Partition] [UUI]
     FAT32, blocksize=4096, 4110 MB / 3919 MiB
Warning: the current number of heads per cylinder is 127 but the correct value may be 255.

Results
   L FAT32                    0  10 37  1019  73 28    8027504 [EFI System Partition] [UUI]
     FAT32, blocksize=4096, 4110 MB / 3919 MiB

Hint for advanced users: dmsetup may be used if you prefer to avoid rewriting the partition table for the moment:
echo "0 8027504 linear /dev/sda 656" | dmsetup create test0
add_ext_part_i386: max
add_ext_part_i386: min

interface_write()
 1 E extended                 0   1  1  1019  73 28    8028098
 5 L FAT32                    0  10 37  1019  73 28    8027504 [EFI System Partition] [UUI]
simulate write!

write_mbr_i386: starting...
write_all_log_i386: starting...
write_all_log_i386: CHS: 0/1/1,lba=62

Interface Advanced
Geometry from i386 MBR: head=72 sector=7
BAD_RS LBA=656 646
FAT32 at 0/10/37
Info: size boot_sector 8027504, partition 8027504
FAT1 : 736-8559
FAT2 : 8560-16383
start_rootdir : 16384 root cluster : 2
Data : 16384-8027503
sectors : 8027504
cluster_size : 8
no_of_cluster : 1001390 (2 - 1001391)
fat_length 7824 calculated 7824
heads/cylinder 255 (FAT) != 127 (HD)
sect/track 63 (FAT) != 62 (HD)
 1 * FAT32                    0  10 37  1019  73 28    8027504 [UUI]
     FAT32, blocksize=4096, 4110 MB / 3919 MiB

fat32_boot_sector
 1 * FAT32                    0  10 37  1019  73 28    8027504 [UUI]
     FAT32, blocksize=4096, 4110 MB / 3919 MiB
FAT32 at 0/10/37
Info: size boot_sector 8027504, partition 8027504
FAT1 : 736-8559
FAT2 : 8560-16383
start_rootdir : 16384 root cluster : 2
Data : 16384-8027503
sectors : 8027504
cluster_size : 8
no_of_cluster : 1001390 (2 - 1001391)
fat_length 7824 calculated 7824
heads/cylinder 255 (FAT) != 127 (HD)
sect/track 63 (FAT) != 62 (HD)
FAT32 at 0/10/37
Info: size boot_sector 8027504, partition 8027504
FAT1 : 736-8559
FAT2 : 8560-16383
start_rootdir : 16384 root cluster : 2
Data : 16384-8027503
sectors : 8027504
cluster_size : 8
no_of_cluster : 1001390 (2 - 1001391)
fat_length 7824 calculated 7824
heads/cylinder 255 (FAT) != 127 (HD)
sect/track 63 (FAT) != 62 (HD)
Boot sector
Warning: number of heads/cylinder mismatches 255 (FAT) != 127 (HD)
Warning: number of sectors per track mismatches 63 (FAT) != 62 (HD)
OK

Backup boot sector
Warning: number of heads/cylinder mismatches 255 (FAT) != 127 (HD)
Warning: number of sectors per track mismatches 63 (FAT) != 62 (HD)
OK

First sectors (boot code and partition information) are not identical.

A valid FAT Boot sector must be present in order to access
any data; even if the partition is not bootable.

FAT: cluster=2(0x2), pos=17040
Directory /
       3 drwxr-xr-x     0      0         0  7-Jul-2014 09:38 UUI
X      5 -r-xr-xr-x     0      0     37888  7-Jul-2014 09:38 _DLINUX.SYS
      15 drwxr-xr-x     0      0         0 17-Apr-2014 04:35 .disk
      20 drwxr-xr-x     0      0         0 17-Apr-2014 04:35 EFI
     596 -rwxr-xr-x     0      0       229 17-Apr-2014 04:35 README.diskdefines
     597 -rwxr-xr-x     0      0       134 17-Apr-2014 04:34 AUTORUN.INF
     598 drwxr-xr-x     0      0         0 17-Apr-2014 04:35 BOOT
    1819 drwxr-xr-x     0      0         0 17-Apr-2014 04:35 CASPER
  244329 drwxr-xr-x     0      0         0 17-Apr-2014 04:35 DISTS
  244351 drwxr-xr-x     0      0         0 17-Apr-2014 04:35 INSTALL
  244396 drwxr-xr-x     0      0         0 17-Apr-2014 04:35 ISOLINUX
  244730 -rwxr-xr-x     0      0     21396 17-Apr-2014 04:35 MD5SUM.TXT
  244736 drwxr-xr-x     0      0         0 17-Apr-2014 04:35 PICS
  244749 drwxr-xr-x     0      0         0 17-Apr-2014 04:35 POOL
  246029 drwxr-xr-x     0      0         0 17-Apr-2014 04:35 PRESEED
  246033 -rwxr-xr-x     0      0   2551408 14-Apr-2014 19:04 WUBI.EXE
  246659 -rwxr-xr-x     0      0     49070 16-Jan-2014 20:17 Uni-USB-Installer-Copying.txt
  246671 -rwxr-xr-x     0      0     18597 30-Jun-2014 19:40 Uni-USB-Installer-Readme.txt
  246676 -rwxr-xr-x     0      0     18092  4-Apr-2012 22:42 LICENSE.TXT
  327682 drwxr-xr-x     0      0         0  8-Mar-2021 14:42 System Volume Information

fat32_boot_sector
 1 * FAT32                    0  10 37  1019  73 28    8027504 [UUI]
     FAT32, blocksize=4096, 4110 MB / 3919 MiB
FAT32 at 0/10/37
Info: size boot_sector 8027504, partition 8027504
FAT1 : 736-8559
FAT2 : 8560-16383
start_rootdir : 16384 root cluster : 2
Data : 16384-8027503
sectors : 8027504
cluster_size : 8
no_of_cluster : 1001390 (2 - 1001391)
fat_length 7824 calculated 7824
heads/cylinder 255 (FAT) != 127 (HD)
sect/track 63 (FAT) != 62 (HD)
FAT32 at 0/10/37
Info: size boot_sector 8027504, partition 8027504
FAT1 : 736-8559
FAT2 : 8560-16383
start_rootdir : 16384 root cluster : 2
Data : 16384-8027503
sectors : 8027504
cluster_size : 8
no_of_cluster : 1001390 (2 - 1001391)
fat_length 7824 calculated 7824
heads/cylinder 255 (FAT) != 127 (HD)
sect/track 63 (FAT) != 62 (HD)
Boot sector
Warning: number of heads/cylinder mismatches 255 (FAT) != 127 (HD)
Warning: number of sectors per track mismatches 63 (FAT) != 62 (HD)
OK

Backup boot sector
Warning: number of heads/cylinder mismatches 255 (FAT) != 127 (HD)
Warning: number of sectors per track mismatches 63 (FAT) != 62 (HD)
OK

First sectors (boot code and partition information) are not identical.

A valid FAT Boot sector must be present in order to access
any data; even if the partition is not bootable.

Analyse Disk /dev/sda - 4110 MB / 3920 MiB - CHS 1019 127 62 (RO)
Geometry from i386 MBR: head=72 sector=7
BAD_RS LBA=656 646
FAT32 at 0/10/37
Info: size boot_sector 8027504, partition 8027504
FAT1 : 736-8559
FAT2 : 8560-16383
start_rootdir : 16384 root cluster : 2
Data : 16384-8027503
sectors : 8027504
cluster_size : 8
no_of_cluster : 1001390 (2 - 1001391)
fat_length 7824 calculated 7824
heads/cylinder 255 (FAT) != 127 (HD)
sect/track 63 (FAT) != 62 (HD)
Current partition structure:
Warning: number of heads/cylinder mismatches 255 (FAT) != 127 (HD)
Warning: number of sectors per track mismatches 63 (FAT) != 62 (HD)
 1 * FAT32                    0  10 37  1019  73 28    8027504 [UUI]

Bad relative sector.

search_part()
Disk /dev/sda - 4110 MB / 3920 MiB - CHS 1019 127 62 (RO)
FAT32 at 0/10/37
FAT1 : 736-8559
FAT2 : 8560-16383
start_rootdir : 16384 root cluster : 2
Data : 16384-8027503
sectors : 8027504
cluster_size : 8
no_of_cluster : 1001390 (2 - 1001391)
fat_length 7824 calculated 7824
heads/cylinder 255 (FAT) != 127 (HD)
sect/track 63 (FAT) != 62 (HD)

FAT32 at 0/10/37
FAT: cluster=2(0x2), pos=17040
     FAT32                    0  10 37  1019  73 28    8027504 [EFI System Partition] [UUI]
     FAT32, blocksize=4096, 4110 MB / 3919 MiB
Warning: the current number of heads per cylinder is 127 but the correct value may be 255.

Results
   L FAT32                    0  10 37  1019  73 28    8027504 [EFI System Partition] [UUI]
     FAT32, blocksize=4096, 4110 MB / 3919 MiB

Hint for advanced users: dmsetup may be used if you prefer to avoid rewriting the partition table for the moment:
echo "0 8027504 linear /dev/sda 656" | dmsetup create test0
add_ext_part_i386: max
add_ext_part_i386: min

interface_write()
 1 E extended                 0   1  1  1019  73 28    8028098
 5 L FAT32                    0  10 37  1019  73 28    8027504 [EFI System Partition] [UUI]

search_part()
Disk /dev/sda - 4110 MB / 3920 MiB - CHS 1019 127 62 (RO)
FAT32 at 0/10/37
FAT1 : 736-8559
FAT2 : 8560-16383
start_rootdir : 16384 root cluster : 2
Data : 16384-8027503
sectors : 8027504
cluster_size : 8
no_of_cluster : 1001390 (2 - 1001391)
fat_length 7824 calculated 7824
heads/cylinder 255 (FAT) != 127 (HD)
sect/track 63 (FAT) != 62 (HD)

FAT32 at 0/10/37
FAT: cluster=2(0x2), pos=17040
     FAT32                    0  10 37  1019  73 28    8027504 [EFI System Partition] [UUI]
     FAT32, blocksize=4096, 4110 MB / 3919 MiB
Warning: the current number of heads per cylinder is 127 but the correct value may be 255.

Results
   L FAT32                    0  10 37  1019  73 28    8027504 [EFI System Partition] [UUI]
     FAT32, blocksize=4096, 4110 MB / 3919 MiB

Hint for advanced users: dmsetup may be used if you prefer to avoid rewriting the partition table for the moment:
echo "0 8027504 linear /dev/sda 656" | dmsetup create test0


dir_partition inode=0
   L FAT32                    0  10 37  1019  73 28    8027504 [EFI System Partition] [UUI]
     FAT32, blocksize=4096, 4110 MB / 3919 MiB
FAT: cluster=2(0x2), pos=17040
Directory /
       3 drwxr-xr-x     0      0         0  7-Jul-2014 09:38 UUI
X      5 -r-xr-xr-x     0      0     37888  7-Jul-2014 09:38 _DLINUX.SYS
      15 drwxr-xr-x     0      0         0 17-Apr-2014 04:35 .disk
      20 drwxr-xr-x     0      0         0 17-Apr-2014 04:35 EFI
     596 -rwxr-xr-x     0      0       229 17-Apr-2014 04:35 README.diskdefines
     597 -rwxr-xr-x     0      0       134 17-Apr-2014 04:34 AUTORUN.INF
     598 drwxr-xr-x     0      0         0 17-Apr-2014 04:35 BOOT
    1819 drwxr-xr-x     0      0         0 17-Apr-2014 04:35 CASPER
  244329 drwxr-xr-x     0      0         0 17-Apr-2014 04:35 DISTS
  244351 drwxr-xr-x     0      0         0 17-Apr-2014 04:35 INSTALL
  244396 drwxr-xr-x     0      0         0 17-Apr-2014 04:35 ISOLINUX
  244730 -rwxr-xr-x     0      0     21396 17-Apr-2014 04:35 MD5SUM.TXT
  244736 drwxr-xr-x     0      0         0 17-Apr-2014 04:35 PICS
  244749 drwxr-xr-x     0      0         0 17-Apr-2014 04:35 POOL
  246029 drwxr-xr-x     0      0         0 17-Apr-2014 04:35 PRESEED
  246033 -rwxr-xr-x     0      0   2551408 14-Apr-2014 19:04 WUBI.EXE
  246659 -rwxr-xr-x     0      0     49070 16-Jan-2014 20:17 Uni-USB-Installer-Copying.txt
  246671 -rwxr-xr-x     0      0     18597 30-Jun-2014 19:40 Uni-USB-Installer-Readme.txt
  246676 -rwxr-xr-x     0      0     18092  4-Apr-2012 22:42 LICENSE.TXT
  327682 drwxr-xr-x     0      0         0  8-Mar-2021 14:42 System Volume Information
add_ext_part_i386: max
add_ext_part_i386: min

interface_write()
 1 E extended                 0   1  1  1019  73 28    8028098
 5 L FAT32                    0  10 37  1019  73 28    8027504 [EFI System Partition] [UUI]
simulate write!

write_mbr_i386: starting...
write_all_log_i386: starting...
write_all_log_i386: CHS: 0/1/1,lba=62

TestDisk exited normally.
